src/components/ui/checkbox.tsx(7,20): error TS2307: Cannot find module '@/lib/utils' or its corresponding type declarations.
src/components/ui/label.tsx(7,20): error TS2307: Cannot find module '@/lib/utils' or its corresponding type declarations.
